// Jest Snapshot v1, https://goo.gl/fbAQLP

exports[`Title should render the Subtitle Component correctly 1`] = `
<h3
  className="Subtitle"
>
  Test Title
</h3>
`;
