// Jest Snapshot v1, https://goo.gl/fbAQLP

exports[`SecondaryTitle should render the Secondary Title Component 1`] = `
<h3
  className="SecondaryTitle col-xl-5 col-lg-6 col-md-9 col-xs-12"
>
  Test Secondary Title
</h3>
`;
