// Jest Snapshot v1, https://goo.gl/fbAQLP

exports[`Router should render the Router Component correctly 1`] = `
<Switch>
  <Route
    component={[Function]}
    exact={true}
    path="/"
  />
</Switch>
`;
